<?xml version="1.0" encoding="utf-8"?>
<TestRun id="a0f151db-f885-4bf6-b909-07886ceedf75" name="CodeAutomation@DESKTOP-TLVEPS6 2022-10-06 11:09:20" runUser="DESKTOP-TLVEPS6\CodeAutomation" xmlns="http://microsoft.com/schemas/VisualStudio/TeamTest/2010">
  <Times creation="2022-10-06T11:09:20.4407696+05:00" queuing="2022-10-06T11:09:20.4407696+05:00" start="2022-10-06T11:09:05.4743312+05:00" finish="2022-10-06T11:11:13.0094552+05:00" />
  <TestSettings name="default" id="906930c5-d540-489a-b7cd-4ec1dfdee4e3">
    <Deployment runDeploymentRoot="CodeAutomation_DESKTOP-TLVEPS6_2022-10-06_11_09_20" />
  </TestSettings>
  <Results>
    <UnitTestResult executionId="da363238-f141-4ecd-835f-38ad926159e4" testId="dbf960b0-ba39-4a1a-8552-51f380217a3f" testName="TestCase7_Regitserwithexisting (Data Row 0)" computerName="DESKTOP-TLVEPS6" duration="00:00:22.4465218" startTime="2022-10-06T11:10:33.1043759+05:00" endTime="2022-10-06T11:10:55.5523768+05:00" testType="13cdc9d9-ddb5-4fa4-a97d-d965ccfc6d4b" outcome="Passed" testListId="8c84fa94-04c1-424b-9868-57a2d4851a1d" relativeResultsDirectory="da363238-f141-4ecd-835f-38ad926159e4" />
    <UnitTestResult executionId="d1c1fa6d-9870-4059-8771-3f2653059a47" testId="b20f560e-7f66-45aa-8a07-842dbd103ab1" testName="TestCase3_logout (Data Row 0)" computerName="DESKTOP-TLVEPS6" duration="00:00:22.6225904" startTime="2022-10-06T11:09:59.4790448+05:00" endTime="2022-10-06T11:10:22.1022536+05:00" testType="13cdc9d9-ddb5-4fa4-a97d-d965ccfc6d4b" outcome="Passed" testListId="8c84fa94-04c1-424b-9868-57a2d4851a1d" relativeResultsDirectory="d1c1fa6d-9870-4059-8771-3f2653059a47" />
    <UnitTestResult executionId="4ff8dc51-0c24-4625-b1cc-0079a7426aba" testId="532661e7-2eef-44ed-a0a1-aad992d18570" testName="TestCase1_Register (Data Row 0)" computerName="DESKTOP-TLVEPS6" duration="00:00:13.7391729" startTime="2022-10-06T11:09:06.1148026+05:00" endTime="2022-10-06T11:09:20.4163530+05:00" testType="13cdc9d9-ddb5-4fa4-a97d-d965ccfc6d4b" outcome="Failed" testListId="8c84fa94-04c1-424b-9868-57a2d4851a1d" relativeResultsDirectory="4ff8dc51-0c24-4625-b1cc-0079a7426aba">
      <Output>
        <ErrorInfo>
          <Message>Test method SeleniumQuiz.TestCasesClass.TestCase1_Register threw exception: &#xD;
OpenQA.Selenium.NoSuchElementException: no such element: Unable to locate element: {"method":"css selector","selector":"#id_gender2"}
  (Session info: chrome=106.0.5249.91)</Message>
          <StackTrace>    at OpenQA.Selenium.WebDriver.UnpackAndThrowOnError(Response errorResponse, String commandToExecute)&#xD;
   at OpenQA.Selenium.WebDriver.Execute(String driverCommandToExecute, Dictionary`2 parameters)&#xD;
   at OpenQA.Selenium.WebDriver.FindElement(String mechanism, String value)&#xD;
   at OpenQA.Selenium.By.&lt;.ctor&gt;b__11_0(ISearchContext context)&#xD;
   at OpenQA.Selenium.By.FindElement(ISearchContext context)&#xD;
   at OpenQA.Selenium.WebDriver.FindElement(By by)&#xD;
   at SeleniumQuiz.BaseCommonMethods.FindElementt(By value) in C:\Users\CA\source\repos\SeleniumQuiz\SeleniumQuiz\BaseCommonMethods.cs:line 58&#xD;
   at SeleniumQuiz.BaseCommonMethods.ClickAction(By loc) in C:\Users\CA\source\repos\SeleniumQuiz\SeleniumQuiz\BaseCommonMethods.cs:line 128&#xD;
   at SeleniumQuiz.RegisterFunctionality.Selecttitle() in C:\Users\CA\source\repos\SeleniumQuiz\SeleniumQuiz\RegisterFunctionality.cs:line 93&#xD;
   at SeleniumQuiz.RegisterFunctionality.Regitser(String nameee, String emailll, String passwordd, String fffname, String lllname, String companyyy, String address1111, String address2222, String stateeeee, String cityyyy, String zippp, String phonenumebr, String verifyysignup) in C:\Users\CA\source\repos\SeleniumQuiz\SeleniumQuiz\RegisterFunctionality.cs:line 191&#xD;
   at SeleniumQuiz.TestCasesClass.TestCase1_Register() in C:\Users\CA\source\repos\SeleniumQuiz\SeleniumQuiz\TestCasesClass.cs:line 51&#xD;
</StackTrace>
        </ErrorInfo>
      </Output>
    </UnitTestResult>
    <UnitTestResult executionId="5f379881-1b9e-46ce-a4ab-d11676bd2720" testId="39dad9b6-27f5-4e26-9c7a-0d626eb6248f" testName="TestCase8_Scrolldownup" computerName="DESKTOP-TLVEPS6" duration="00:00:17.3060735" startTime="2022-10-06T11:10:55.5523768+05:00" endTime="2022-10-06T11:11:12.8589333+05:00" testType="13cdc9d9-ddb5-4fa4-a97d-d965ccfc6d4b" outcome="Passed" testListId="8c84fa94-04c1-424b-9868-57a2d4851a1d" relativeResultsDirectory="5f379881-1b9e-46ce-a4ab-d11676bd2720" />
    <UnitTestResult executionId="a82d8edc-8ae2-4c94-8c60-9dcebd7c4abd" testId="48da02da-e8c4-4f2d-8e5c-976d34172205" testName="TestCase2_Login (Data Row 0)" computerName="DESKTOP-TLVEPS6" duration="00:00:39.0458267" startTime="2022-10-06T11:09:20.4316826+05:00" endTime="2022-10-06T11:09:59.4790448+05:00" testType="13cdc9d9-ddb5-4fa4-a97d-d965ccfc6d4b" outcome="Passed" testListId="8c84fa94-04c1-424b-9868-57a2d4851a1d" relativeResultsDirectory="a82d8edc-8ae2-4c94-8c60-9dcebd7c4abd" />
    <UnitTestResult executionId="7d2492c6-6974-4f6b-b8f9-483f9d36afe9" testId="e59f008c-f28a-4e8a-a6f4-5e803f5ed673" testName="TestCase6_ProductQuantity (Data Row 0)" computerName="DESKTOP-TLVEPS6" duration="00:00:11.0005751" startTime="2022-10-06T11:10:22.1022536+05:00" endTime="2022-10-06T11:10:33.1043759+05:00" testType="13cdc9d9-ddb5-4fa4-a97d-d965ccfc6d4b" outcome="Passed" testListId="8c84fa94-04c1-424b-9868-57a2d4851a1d" relativeResultsDirectory="7d2492c6-6974-4f6b-b8f9-483f9d36afe9" />
  </Results>
  <TestDefinitions>
    <UnitTest name="TestCase2_Login (Data Row 0)" storage="c:\users\ca\source\repos\seleniumquiz\seleniumquiz\bin\debug\seleniumquiz.dll" id="48da02da-e8c4-4f2d-8e5c-976d34172205">
      <TestCategory>
        <TestCategoryItem TestCategory="Login" />
      </TestCategory>
      <Execution id="a82d8edc-8ae2-4c94-8c60-9dcebd7c4abd" />
      <TestMethod codeBase="C:\Users\CA\source\repos\SeleniumQuiz\SeleniumQuiz\bin\Debug\SeleniumQuiz.dll" adapterTypeName="executor://mstestadapter/v2" className="SeleniumQuiz.TestCasesClass" name="TestCase2_Login" />
    </UnitTest>
    <UnitTest name="TestCase3_logout (Data Row 0)" storage="c:\users\ca\source\repos\seleniumquiz\seleniumquiz\bin\debug\seleniumquiz.dll" id="b20f560e-7f66-45aa-8a07-842dbd103ab1">
      <TestCategory>
        <TestCategoryItem TestCategory="Logout" />
      </TestCategory>
      <Execution id="d1c1fa6d-9870-4059-8771-3f2653059a47" />
      <TestMethod codeBase="C:\Users\CA\source\repos\SeleniumQuiz\SeleniumQuiz\bin\Debug\SeleniumQuiz.dll" adapterTypeName="executor://mstestadapter/v2" className="SeleniumQuiz.TestCasesClass" name="TestCase3_logout" />
    </UnitTest>
    <UnitTest name="TestCase1_Register (Data Row 0)" storage="c:\users\ca\source\repos\seleniumquiz\seleniumquiz\bin\debug\seleniumquiz.dll" id="532661e7-2eef-44ed-a0a1-aad992d18570">
      <TestCategory>
        <TestCategoryItem TestCategory="Register" />
      </TestCategory>
      <Execution id="4ff8dc51-0c24-4625-b1cc-0079a7426aba" />
      <TestMethod codeBase="C:\Users\CA\source\repos\SeleniumQuiz\SeleniumQuiz\bin\Debug\SeleniumQuiz.dll" adapterTypeName="executor://mstestadapter/v2" className="SeleniumQuiz.TestCasesClass" name="TestCase1_Register" />
    </UnitTest>
    <UnitTest name="TestCase8_Scrolldownup" storage="c:\users\ca\source\repos\seleniumquiz\seleniumquiz\bin\debug\seleniumquiz.dll" id="39dad9b6-27f5-4e26-9c7a-0d626eb6248f">
      <TestCategory>
        <TestCategoryItem TestCategory="Scroll" />
      </TestCategory>
      <Execution id="5f379881-1b9e-46ce-a4ab-d11676bd2720" />
      <TestMethod codeBase="C:\Users\CA\source\repos\SeleniumQuiz\SeleniumQuiz\bin\Debug\SeleniumQuiz.dll" adapterTypeName="executor://mstestadapter/v2" className="SeleniumQuiz.TestCasesClass" name="TestCase8_Scrolldownup" />
    </UnitTest>
    <UnitTest name="TestCase7_Regitserwithexisting (Data Row 0)" storage="c:\users\ca\source\repos\seleniumquiz\seleniumquiz\bin\debug\seleniumquiz.dll" id="dbf960b0-ba39-4a1a-8552-51f380217a3f">
      <TestCategory>
        <TestCategoryItem TestCategory="Register" />
      </TestCategory>
      <Execution id="da363238-f141-4ecd-835f-38ad926159e4" />
      <TestMethod codeBase="C:\Users\CA\source\repos\SeleniumQuiz\SeleniumQuiz\bin\Debug\SeleniumQuiz.dll" adapterTypeName="executor://mstestadapter/v2" className="SeleniumQuiz.TestCasesClass" name="TestCase7_Regitserwithexisting" />
    </UnitTest>
    <UnitTest name="TestCase6_ProductQuantity (Data Row 0)" storage="c:\users\ca\source\repos\seleniumquiz\seleniumquiz\bin\debug\seleniumquiz.dll" id="e59f008c-f28a-4e8a-a6f4-5e803f5ed673">
      <TestCategory>
        <TestCategoryItem TestCategory="ProductDetails" />
      </TestCategory>
      <Execution id="7d2492c6-6974-4f6b-b8f9-483f9d36afe9" />
      <TestMethod codeBase="C:\Users\CA\source\repos\SeleniumQuiz\SeleniumQuiz\bin\Debug\SeleniumQuiz.dll" adapterTypeName="executor://mstestadapter/v2" className="SeleniumQuiz.TestCasesClass" name="TestCase6_ProductQuantity" />
    </UnitTest>
  </TestDefinitions>
  <TestEntries>
    <TestEntry testId="dbf960b0-ba39-4a1a-8552-51f380217a3f" executionId="da363238-f141-4ecd-835f-38ad926159e4" testListId="8c84fa94-04c1-424b-9868-57a2d4851a1d" />
    <TestEntry testId="b20f560e-7f66-45aa-8a07-842dbd103ab1" executionId="d1c1fa6d-9870-4059-8771-3f2653059a47" testListId="8c84fa94-04c1-424b-9868-57a2d4851a1d" />
    <TestEntry testId="532661e7-2eef-44ed-a0a1-aad992d18570" executionId="4ff8dc51-0c24-4625-b1cc-0079a7426aba" testListId="8c84fa94-04c1-424b-9868-57a2d4851a1d" />
    <TestEntry testId="39dad9b6-27f5-4e26-9c7a-0d626eb6248f" executionId="5f379881-1b9e-46ce-a4ab-d11676bd2720" testListId="8c84fa94-04c1-424b-9868-57a2d4851a1d" />
    <TestEntry testId="48da02da-e8c4-4f2d-8e5c-976d34172205" executionId="a82d8edc-8ae2-4c94-8c60-9dcebd7c4abd" testListId="8c84fa94-04c1-424b-9868-57a2d4851a1d" />
    <TestEntry testId="e59f008c-f28a-4e8a-a6f4-5e803f5ed673" executionId="7d2492c6-6974-4f6b-b8f9-483f9d36afe9" testListId="8c84fa94-04c1-424b-9868-57a2d4851a1d" />
  </TestEntries>
  <TestLists>
    <TestList name="Results Not in a List" id="8c84fa94-04c1-424b-9868-57a2d4851a1d" />
    <TestList name="All Loaded Results" id="19431567-8539-422a-85d7-44ee4e166bda" />
  </TestLists>
  <ResultSummary outcome="Failed">
    <Counters total="6" executed="6" passed="5" failed="1" error="0" timeout="0" aborted="0" inconclusive="0" passedButRunAborted="0" notRunnable="0" notExecuted="0" disconnected="0" warning="0" completed="0" inProgress="0" pending="0" />
  </ResultSummary>
</TestRun>