<?xml version="1.0" encoding="utf-8"?>
<TestRun id="a66750f0-84c4-4e10-8f54-c6ba62c73527" name="CodeAutomation@DESKTOP-TLVEPS6 2022-10-06 11:34:55" runUser="DESKTOP-TLVEPS6\CodeAutomation" xmlns="http://microsoft.com/schemas/VisualStudio/TeamTest/2010">
  <Times creation="2022-10-06T11:34:55.8774362+05:00" queuing="2022-10-06T11:34:55.8774362+05:00" start="2022-10-06T11:34:45.2519583+05:00" finish="2022-10-06T11:37:23.7850164+05:00" />
  <TestSettings name="default" id="98a7de0b-8bb9-450a-94e3-c5abde3b4aff">
    <Deployment runDeploymentRoot="CodeAutomation_DESKTOP-TLVEPS6_2022-10-06_11_34_55" />
  </TestSettings>
  <Results>
    <UnitTestResult executionId="7d2cf31b-5222-479c-a13b-f44bf47019f1" testId="c1ed934f-d32b-40d3-aa2b-b9ee63cc41d6" testName="TestCase6_ProductQuantity (Data Row 0)" computerName="DESKTOP-TLVEPS6" duration="00:00:10.1978489" startTime="2022-10-06T11:36:38.1262883+05:00" endTime="2022-10-06T11:36:48.3265336+05:00" testType="13cdc9d9-ddb5-4fa4-a97d-d965ccfc6d4b" outcome="Passed" testListId="8c84fa94-04c1-424b-9868-57a2d4851a1d" relativeResultsDirectory="7d2cf31b-5222-479c-a13b-f44bf47019f1" />
    <UnitTestResult executionId="c0887228-ce7a-4857-afb4-6fbd22099f13" testId="3aba5654-3094-49be-94fb-55606a4e0975" testName="TestCase3_logout (Data Row 0)" computerName="DESKTOP-TLVEPS6" duration="00:01:04.9848568" startTime="2022-10-06T11:35:33.1405342+05:00" endTime="2022-10-06T11:36:38.1262883+05:00" testType="13cdc9d9-ddb5-4fa4-a97d-d965ccfc6d4b" outcome="Passed" testListId="8c84fa94-04c1-424b-9868-57a2d4851a1d" relativeResultsDirectory="c0887228-ce7a-4857-afb4-6fbd22099f13" />
    <UnitTestResult executionId="770d8017-2949-4a1e-98f2-4bb4c8363371" testId="b003a860-af92-4198-9242-3893dbd5f5ff" testName="TestCase7_Regitserwithexisting (Data Row 0)" computerName="DESKTOP-TLVEPS6" duration="00:00:19.2650807" startTime="2022-10-06T11:36:48.3265336+05:00" endTime="2022-10-06T11:37:07.5928792+05:00" testType="13cdc9d9-ddb5-4fa4-a97d-d965ccfc6d4b" outcome="Passed" testListId="8c84fa94-04c1-424b-9868-57a2d4851a1d" relativeResultsDirectory="770d8017-2949-4a1e-98f2-4bb4c8363371" />
    <UnitTestResult executionId="2a355854-de62-41a3-ac17-922c386b1e18" testId="4ced2b43-5722-444c-9008-03c14c2eab27" testName="TestCase1_Register (Data Row 0)" computerName="DESKTOP-TLVEPS6" duration="00:00:09.9390919" startTime="2022-10-06T11:34:45.7144457+05:00" endTime="2022-10-06T11:34:55.8566621+05:00" testType="13cdc9d9-ddb5-4fa4-a97d-d965ccfc6d4b" outcome="Failed" testListId="8c84fa94-04c1-424b-9868-57a2d4851a1d" relativeResultsDirectory="2a355854-de62-41a3-ac17-922c386b1e18">
      <Output>
        <ErrorInfo>
          <Message>Test method SeleniumQuiz.TestCasesClass.TestCase1_Register threw exception: &#xD;
OpenQA.Selenium.NoSuchElementException: no such element: Unable to locate element: {"method":"css selector","selector":"#id_gender2"}
  (Session info: chrome=106.0.5249.91)</Message>
          <StackTrace>    at OpenQA.Selenium.WebDriver.UnpackAndThrowOnError(Response errorResponse, String commandToExecute)&#xD;
   at OpenQA.Selenium.WebDriver.Execute(String driverCommandToExecute, Dictionary`2 parameters)&#xD;
   at OpenQA.Selenium.WebDriver.FindElement(String mechanism, String value)&#xD;
   at OpenQA.Selenium.By.&lt;.ctor&gt;b__11_0(ISearchContext context)&#xD;
   at OpenQA.Selenium.By.FindElement(ISearchContext context)&#xD;
   at OpenQA.Selenium.WebDriver.FindElement(By by)&#xD;
   at SeleniumQuiz.BaseCommonMethods.FindElementt(By value) in C:\Users\CA\source\repos\SeleniumQuiz\SeleniumQuiz\BaseCommonMethods.cs:line 58&#xD;
   at SeleniumQuiz.BaseCommonMethods.ClickAction(By loc) in C:\Users\CA\source\repos\SeleniumQuiz\SeleniumQuiz\BaseCommonMethods.cs:line 128&#xD;
   at SeleniumQuiz.RegisterFunctionality.Selecttitle() in C:\Users\CA\source\repos\SeleniumQuiz\SeleniumQuiz\RegisterFunctionality.cs:line 93&#xD;
   at SeleniumQuiz.RegisterFunctionality.Regitser(String nameee, String emailll, String passwordd, String fffname, String lllname, String companyyy, String address1111, String address2222, String stateeeee, String cityyyy, String zippp, String phonenumebr, String verifyysignup) in C:\Users\CA\source\repos\SeleniumQuiz\SeleniumQuiz\RegisterFunctionality.cs:line 192&#xD;
   at SeleniumQuiz.TestCasesClass.TestCase1_Register() in C:\Users\CA\source\repos\SeleniumQuiz\SeleniumQuiz\TestCasesClass.cs:line 52&#xD;
</StackTrace>
        </ErrorInfo>
      </Output>
    </UnitTestResult>
    <UnitTestResult executionId="420db8f8-b3ec-46ce-a2cb-dace20a02731" testId="dae74cea-8228-4114-8e64-2761b6957c07" testName="TestCase2_Login (Data Row 0)" computerName="DESKTOP-TLVEPS6" duration="00:00:37.2681624" startTime="2022-10-06T11:34:55.8710001+05:00" endTime="2022-10-06T11:35:33.1395764+05:00" testType="13cdc9d9-ddb5-4fa4-a97d-d965ccfc6d4b" outcome="Passed" testListId="8c84fa94-04c1-424b-9868-57a2d4851a1d" relativeResultsDirectory="420db8f8-b3ec-46ce-a2cb-dace20a02731" />
    <UnitTestResult executionId="dd9c59d6-1313-4d76-ac9e-aff0440a470a" testId="78513aed-3ac0-49e9-b265-e77cfc73e490" testName="TestCase8_Scrolldownup" computerName="DESKTOP-TLVEPS6" duration="00:00:15.9765884" startTime="2022-10-06T11:37:07.5928792+05:00" endTime="2022-10-06T11:37:23.5696099+05:00" testType="13cdc9d9-ddb5-4fa4-a97d-d965ccfc6d4b" outcome="Passed" testListId="8c84fa94-04c1-424b-9868-57a2d4851a1d" relativeResultsDirectory="dd9c59d6-1313-4d76-ac9e-aff0440a470a" />
  </Results>
  <TestDefinitions>
    <UnitTest name="TestCase3_logout (Data Row 0)" storage="c:\users\ca\source\repos\seleniumquiz\seleniumquiz\bin\debug\seleniumquiz.dll" id="3aba5654-3094-49be-94fb-55606a4e0975">
      <TestCategory>
        <TestCategoryItem TestCategory="Logout" />
      </TestCategory>
      <Execution id="c0887228-ce7a-4857-afb4-6fbd22099f13" />
      <TestMethod codeBase="C:\Users\CA\source\repos\SeleniumQuiz\SeleniumQuiz\bin\Debug\SeleniumQuiz.dll" adapterTypeName="executor://mstestadapter/v2" className="SeleniumQuiz.TestCasesClass" name="TestCase3_logout" />
    </UnitTest>
    <UnitTest name="TestCase2_Login (Data Row 0)" storage="c:\users\ca\source\repos\seleniumquiz\seleniumquiz\bin\debug\seleniumquiz.dll" id="dae74cea-8228-4114-8e64-2761b6957c07">
      <TestCategory>
        <TestCategoryItem TestCategory="Login" />
      </TestCategory>
      <Execution id="420db8f8-b3ec-46ce-a2cb-dace20a02731" />
      <TestMethod codeBase="C:\Users\CA\source\repos\SeleniumQuiz\SeleniumQuiz\bin\Debug\SeleniumQuiz.dll" adapterTypeName="executor://mstestadapter/v2" className="SeleniumQuiz.TestCasesClass" name="TestCase2_Login" />
    </UnitTest>
    <UnitTest name="TestCase1_Register (Data Row 0)" storage="c:\users\ca\source\repos\seleniumquiz\seleniumquiz\bin\debug\seleniumquiz.dll" id="4ced2b43-5722-444c-9008-03c14c2eab27">
      <TestCategory>
        <TestCategoryItem TestCategory="Register" />
      </TestCategory>
      <Execution id="2a355854-de62-41a3-ac17-922c386b1e18" />
      <TestMethod codeBase="C:\Users\CA\source\repos\SeleniumQuiz\SeleniumQuiz\bin\Debug\SeleniumQuiz.dll" adapterTypeName="executor://mstestadapter/v2" className="SeleniumQuiz.TestCasesClass" name="TestCase1_Register" />
    </UnitTest>
    <UnitTest name="TestCase6_ProductQuantity (Data Row 0)" storage="c:\users\ca\source\repos\seleniumquiz\seleniumquiz\bin\debug\seleniumquiz.dll" id="c1ed934f-d32b-40d3-aa2b-b9ee63cc41d6">
      <TestCategory>
        <TestCategoryItem TestCategory="ProductDetails" />
      </TestCategory>
      <Execution id="7d2cf31b-5222-479c-a13b-f44bf47019f1" />
      <TestMethod codeBase="C:\Users\CA\source\repos\SeleniumQuiz\SeleniumQuiz\bin\Debug\SeleniumQuiz.dll" adapterTypeName="executor://mstestadapter/v2" className="SeleniumQuiz.TestCasesClass" name="TestCase6_ProductQuantity" />
    </UnitTest>
    <UnitTest name="TestCase7_Regitserwithexisting (Data Row 0)" storage="c:\users\ca\source\repos\seleniumquiz\seleniumquiz\bin\debug\seleniumquiz.dll" id="b003a860-af92-4198-9242-3893dbd5f5ff">
      <TestCategory>
        <TestCategoryItem TestCategory="Register" />
      </TestCategory>
      <Execution id="770d8017-2949-4a1e-98f2-4bb4c8363371" />
      <TestMethod codeBase="C:\Users\CA\source\repos\SeleniumQuiz\SeleniumQuiz\bin\Debug\SeleniumQuiz.dll" adapterTypeName="executor://mstestadapter/v2" className="SeleniumQuiz.TestCasesClass" name="TestCase7_Regitserwithexisting" />
    </UnitTest>
    <UnitTest name="TestCase8_Scrolldownup" storage="c:\users\ca\source\repos\seleniumquiz\seleniumquiz\bin\debug\seleniumquiz.dll" id="78513aed-3ac0-49e9-b265-e77cfc73e490">
      <TestCategory>
        <TestCategoryItem TestCategory="Scroll" />
      </TestCategory>
      <Execution id="dd9c59d6-1313-4d76-ac9e-aff0440a470a" />
      <TestMethod codeBase="C:\Users\CA\source\repos\SeleniumQuiz\SeleniumQuiz\bin\Debug\SeleniumQuiz.dll" adapterTypeName="executor://mstestadapter/v2" className="SeleniumQuiz.TestCasesClass" name="TestCase8_Scrolldownup" />
    </UnitTest>
  </TestDefinitions>
  <TestEntries>
    <TestEntry testId="c1ed934f-d32b-40d3-aa2b-b9ee63cc41d6" executionId="7d2cf31b-5222-479c-a13b-f44bf47019f1" testListId="8c84fa94-04c1-424b-9868-57a2d4851a1d" />
    <TestEntry testId="3aba5654-3094-49be-94fb-55606a4e0975" executionId="c0887228-ce7a-4857-afb4-6fbd22099f13" testListId="8c84fa94-04c1-424b-9868-57a2d4851a1d" />
    <TestEntry testId="b003a860-af92-4198-9242-3893dbd5f5ff" executionId="770d8017-2949-4a1e-98f2-4bb4c8363371" testListId="8c84fa94-04c1-424b-9868-57a2d4851a1d" />
    <TestEntry testId="4ced2b43-5722-444c-9008-03c14c2eab27" executionId="2a355854-de62-41a3-ac17-922c386b1e18" testListId="8c84fa94-04c1-424b-9868-57a2d4851a1d" />
    <TestEntry testId="dae74cea-8228-4114-8e64-2761b6957c07" executionId="420db8f8-b3ec-46ce-a2cb-dace20a02731" testListId="8c84fa94-04c1-424b-9868-57a2d4851a1d" />
    <TestEntry testId="78513aed-3ac0-49e9-b265-e77cfc73e490" executionId="dd9c59d6-1313-4d76-ac9e-aff0440a470a" testListId="8c84fa94-04c1-424b-9868-57a2d4851a1d" />
  </TestEntries>
  <TestLists>
    <TestList name="Results Not in a List" id="8c84fa94-04c1-424b-9868-57a2d4851a1d" />
    <TestList name="All Loaded Results" id="19431567-8539-422a-85d7-44ee4e166bda" />
  </TestLists>
  <ResultSummary outcome="Failed">
    <Counters total="6" executed="6" passed="5" failed="1" error="0" timeout="0" aborted="0" inconclusive="0" passedButRunAborted="0" notRunnable="0" notExecuted="0" disconnected="0" warning="0" completed="0" inProgress="0" pending="0" />
  </ResultSummary>
</TestRun>