<?xml version="1.0" encoding="utf-8"?>
<TestRun id="fa4635a0-b3d9-4962-9f22-0d65a21bdaf5" name="CodeAutomation@DESKTOP-TLVEPS6 2022-10-06 11:59:23" runUser="DESKTOP-TLVEPS6\CodeAutomation" xmlns="http://microsoft.com/schemas/VisualStudio/TeamTest/2010">
  <Times creation="2022-10-06T11:59:23.9289639+05:00" queuing="2022-10-06T11:59:23.9289639+05:00" start="2022-10-06T11:58:30.1778445+05:00" finish="2022-10-06T12:01:19.8431083+05:00" />
  <TestSettings name="default" id="6b1e9b6c-81f4-4dd2-96c3-5568d5612dbf">
    <Deployment runDeploymentRoot="CodeAutomation_DESKTOP-TLVEPS6_2022-10-06_11_59_23" />
  </TestSettings>
  <Results>
    <UnitTestResult executionId="45d75f8e-3312-46fe-bebe-a72f4e9823aa" testId="cf6ff2e8-9d2a-48d2-ad3c-b4c485965aa4" testName="TestCase6_ProductQuantity (Data Row 0)" computerName="DESKTOP-TLVEPS6" duration="00:00:09.2644016" startTime="2022-10-06T12:00:19.7636091+05:00" endTime="2022-10-06T12:00:29.0290601+05:00" testType="13cdc9d9-ddb5-4fa4-a97d-d965ccfc6d4b" outcome="Passed" testListId="8c84fa94-04c1-424b-9868-57a2d4851a1d" relativeResultsDirectory="45d75f8e-3312-46fe-bebe-a72f4e9823aa" />
    <UnitTestResult executionId="2330d23e-e161-4524-8914-a4210e912f7f" testId="4d6270db-74ae-4720-aacf-505112a338a4" testName="TestCase8_Scrolldownup" computerName="DESKTOP-TLVEPS6" duration="00:00:15.3951728" startTime="2022-10-06T12:01:04.2345019+05:00" endTime="2022-10-06T12:01:19.6296227+05:00" testType="13cdc9d9-ddb5-4fa4-a97d-d965ccfc6d4b" outcome="Passed" testListId="8c84fa94-04c1-424b-9868-57a2d4851a1d" relativeResultsDirectory="2330d23e-e161-4524-8914-a4210e912f7f" />
    <UnitTestResult executionId="68d63b9f-31ea-4b2b-ac59-1cce07082045" testId="97bea75a-36c1-4a1f-bf04-8de0aa9f9cef" testName="TestCase1_Register (Data Row 0)" computerName="DESKTOP-TLVEPS6" duration="00:00:52.4533901" startTime="2022-10-06T11:58:30.8770054+05:00" endTime="2022-10-06T11:59:23.8840931+05:00" testType="13cdc9d9-ddb5-4fa4-a97d-d965ccfc6d4b" outcome="Passed" testListId="8c84fa94-04c1-424b-9868-57a2d4851a1d" relativeResultsDirectory="68d63b9f-31ea-4b2b-ac59-1cce07082045" />
    <UnitTestResult executionId="8e424d01-a7ec-41c9-863d-cfd0b71bbaae" testId="23ed3bc9-8434-4969-81d5-8428bdf73cc7" testName="TestCase7_Regitserwithexisting (Data Row 0)" computerName="DESKTOP-TLVEPS6" duration="00:00:35.2035234" startTime="2022-10-06T12:00:29.0290601+05:00" endTime="2022-10-06T12:01:04.2345019+05:00" testType="13cdc9d9-ddb5-4fa4-a97d-d965ccfc6d4b" outcome="Passed" testListId="8c84fa94-04c1-424b-9868-57a2d4851a1d" relativeResultsDirectory="8e424d01-a7ec-41c9-863d-cfd0b71bbaae" />
    <UnitTestResult executionId="2f1503a6-b962-41cc-81f5-78a4e9d0263c" testId="cef2ff53-d041-4f3f-b957-32a005320d49" testName="TestCase3_logout (Data Row 0)" computerName="DESKTOP-TLVEPS6" duration="00:00:19.0806353" startTime="2022-10-06T12:00:00.6818906+05:00" endTime="2022-10-06T12:00:19.7636091+05:00" testType="13cdc9d9-ddb5-4fa4-a97d-d965ccfc6d4b" outcome="Passed" testListId="8c84fa94-04c1-424b-9868-57a2d4851a1d" relativeResultsDirectory="2f1503a6-b962-41cc-81f5-78a4e9d0263c" />
    <UnitTestResult executionId="4df250ff-c392-4698-9abd-355ed52aff08" testId="b9e3512a-3c48-4081-a3ff-8b2e29249286" testName="TestCase2_Login (Data Row 0)" computerName="DESKTOP-TLVEPS6" duration="00:00:36.7646092" startTime="2022-10-06T11:59:23.9150847+05:00" endTime="2022-10-06T12:00:00.6818906+05:00" testType="13cdc9d9-ddb5-4fa4-a97d-d965ccfc6d4b" outcome="Passed" testListId="8c84fa94-04c1-424b-9868-57a2d4851a1d" relativeResultsDirectory="4df250ff-c392-4698-9abd-355ed52aff08" />
  </Results>
  <TestDefinitions>
    <UnitTest name="TestCase2_Login (Data Row 0)" storage="c:\users\ca\source\repos\seleniumquiz\seleniumquiz\bin\debug\seleniumquiz.dll" id="b9e3512a-3c48-4081-a3ff-8b2e29249286">
      <TestCategory>
        <TestCategoryItem TestCategory="Login" />
      </TestCategory>
      <Execution id="4df250ff-c392-4698-9abd-355ed52aff08" />
      <TestMethod codeBase="C:\Users\CA\source\repos\SeleniumQuiz\SeleniumQuiz\bin\Debug\SeleniumQuiz.dll" adapterTypeName="executor://mstestadapter/v2" className="SeleniumQuiz.TestCasesClass" name="TestCase2_Login" />
    </UnitTest>
    <UnitTest name="TestCase6_ProductQuantity (Data Row 0)" storage="c:\users\ca\source\repos\seleniumquiz\seleniumquiz\bin\debug\seleniumquiz.dll" id="cf6ff2e8-9d2a-48d2-ad3c-b4c485965aa4">
      <TestCategory>
        <TestCategoryItem TestCategory="ProductDetails" />
      </TestCategory>
      <Execution id="45d75f8e-3312-46fe-bebe-a72f4e9823aa" />
      <TestMethod codeBase="C:\Users\CA\source\repos\SeleniumQuiz\SeleniumQuiz\bin\Debug\SeleniumQuiz.dll" adapterTypeName="executor://mstestadapter/v2" className="SeleniumQuiz.TestCasesClass" name="TestCase6_ProductQuantity" />
    </UnitTest>
    <UnitTest name="TestCase1_Register (Data Row 0)" storage="c:\users\ca\source\repos\seleniumquiz\seleniumquiz\bin\debug\seleniumquiz.dll" id="97bea75a-36c1-4a1f-bf04-8de0aa9f9cef">
      <TestCategory>
        <TestCategoryItem TestCategory="Register" />
      </TestCategory>
      <Execution id="68d63b9f-31ea-4b2b-ac59-1cce07082045" />
      <TestMethod codeBase="C:\Users\CA\source\repos\SeleniumQuiz\SeleniumQuiz\bin\Debug\SeleniumQuiz.dll" adapterTypeName="executor://mstestadapter/v2" className="SeleniumQuiz.TestCasesClass" name="TestCase1_Register" />
    </UnitTest>
    <UnitTest name="TestCase8_Scrolldownup" storage="c:\users\ca\source\repos\seleniumquiz\seleniumquiz\bin\debug\seleniumquiz.dll" id="4d6270db-74ae-4720-aacf-505112a338a4">
      <TestCategory>
        <TestCategoryItem TestCategory="Scroll" />
      </TestCategory>
      <Execution id="2330d23e-e161-4524-8914-a4210e912f7f" />
      <TestMethod codeBase="C:\Users\CA\source\repos\SeleniumQuiz\SeleniumQuiz\bin\Debug\SeleniumQuiz.dll" adapterTypeName="executor://mstestadapter/v2" className="SeleniumQuiz.TestCasesClass" name="TestCase8_Scrolldownup" />
    </UnitTest>
    <UnitTest name="TestCase7_Regitserwithexisting (Data Row 0)" storage="c:\users\ca\source\repos\seleniumquiz\seleniumquiz\bin\debug\seleniumquiz.dll" id="23ed3bc9-8434-4969-81d5-8428bdf73cc7">
      <TestCategory>
        <TestCategoryItem TestCategory="Register" />
      </TestCategory>
      <Execution id="8e424d01-a7ec-41c9-863d-cfd0b71bbaae" />
      <TestMethod codeBase="C:\Users\CA\source\repos\SeleniumQuiz\SeleniumQuiz\bin\Debug\SeleniumQuiz.dll" adapterTypeName="executor://mstestadapter/v2" className="SeleniumQuiz.TestCasesClass" name="TestCase7_Regitserwithexisting" />
    </UnitTest>
    <UnitTest name="TestCase3_logout (Data Row 0)" storage="c:\users\ca\source\repos\seleniumquiz\seleniumquiz\bin\debug\seleniumquiz.dll" id="cef2ff53-d041-4f3f-b957-32a005320d49">
      <TestCategory>
        <TestCategoryItem TestCategory="Logout" />
      </TestCategory>
      <Execution id="2f1503a6-b962-41cc-81f5-78a4e9d0263c" />
      <TestMethod codeBase="C:\Users\CA\source\repos\SeleniumQuiz\SeleniumQuiz\bin\Debug\SeleniumQuiz.dll" adapterTypeName="executor://mstestadapter/v2" className="SeleniumQuiz.TestCasesClass" name="TestCase3_logout" />
    </UnitTest>
  </TestDefinitions>
  <TestEntries>
    <TestEntry testId="cf6ff2e8-9d2a-48d2-ad3c-b4c485965aa4" executionId="45d75f8e-3312-46fe-bebe-a72f4e9823aa" testListId="8c84fa94-04c1-424b-9868-57a2d4851a1d" />
    <TestEntry testId="4d6270db-74ae-4720-aacf-505112a338a4" executionId="2330d23e-e161-4524-8914-a4210e912f7f" testListId="8c84fa94-04c1-424b-9868-57a2d4851a1d" />
    <TestEntry testId="97bea75a-36c1-4a1f-bf04-8de0aa9f9cef" executionId="68d63b9f-31ea-4b2b-ac59-1cce07082045" testListId="8c84fa94-04c1-424b-9868-57a2d4851a1d" />
    <TestEntry testId="23ed3bc9-8434-4969-81d5-8428bdf73cc7" executionId="8e424d01-a7ec-41c9-863d-cfd0b71bbaae" testListId="8c84fa94-04c1-424b-9868-57a2d4851a1d" />
    <TestEntry testId="cef2ff53-d041-4f3f-b957-32a005320d49" executionId="2f1503a6-b962-41cc-81f5-78a4e9d0263c" testListId="8c84fa94-04c1-424b-9868-57a2d4851a1d" />
    <TestEntry testId="b9e3512a-3c48-4081-a3ff-8b2e29249286" executionId="4df250ff-c392-4698-9abd-355ed52aff08" testListId="8c84fa94-04c1-424b-9868-57a2d4851a1d" />
  </TestEntries>
  <TestLists>
    <TestList name="Results Not in a List" id="8c84fa94-04c1-424b-9868-57a2d4851a1d" />
    <TestList name="All Loaded Results" id="19431567-8539-422a-85d7-44ee4e166bda" />
  </TestLists>
  <ResultSummary outcome="Completed">
    <Counters total="6" executed="6" passed="6" failed="0" error="0" timeout="0" aborted="0" inconclusive="0" passedButRunAborted="0" notRunnable="0" notExecuted="0" disconnected="0" warning="0" completed="0" inProgress="0" pending="0" />
  </ResultSummary>
</TestRun>